[2026-09-17 09:28:14] OPERATION: INSERT | STUDENT_ID: 101 | DETAILS: Student inserted successfully
[2026-09-17 09:28:14] OPERATION: UPDATE | STUDENT_ID: 101 | DETAILS: Student marks updated
[2026-09-17 09:28:14] OPERATION: DELETE | STUDENT_ID: 101 | DETAILS: Student deleted successfully
[2026-09-17 09:57:06] OPERATION: INSERT | STUDENT_ID: 1 | DETAILS: Student inserted successfully
[2026-09-17 09:58:00] OPERATION: SEARCH | STUDENT_ID: 1 | DETAILS: Student found
[2026-09-17 09:58:09] OPERATION: UPDATE | STUDENT_ID: 1 | DETAILS: Student marks and attendance updated successfully
[2026-09-17 09:58:15] OPERATION: SEARCH | STUDENT_ID: 1 | DETAILS: Student found
[2026-09-17 09:59:51] OPERATION: SEARCH | STUDENT_ID: 1 | DETAILS: Student found
[2026-09-17 09:59:56] OPERATION: UPDATE | STUDENT_ID: 1 | DETAILS: Student marks and attendance updated successfully
[2026-09-17 10:00:03] OPERATION: SEARCH | STUDENT_ID: 1 | DETAILS: Student found
[2026-09-17 10:00:23] OPERATION: INSERT | STUDENT_ID: 2 | DETAILS: Student inserted successfully
[2026-09-17 10:00:40] OPERATION: DELETE | STUDENT_ID: 2 | DETAILS: Student deleted successfully
[2026-09-17 10:00:51] OPERATION: SEARCH_FAILED | STUDENT_ID: 2 | DETAILS: Student not found
[2026-09-17 10:08:05] OPERATION: INSERT | STUDENT_ID: 10 | DETAILS: Student inserted successfully
[2026-09-17 10:08:22] OPERATION: INSERT | STUDENT_ID: 11 | DETAILS: Student inserted successfully
[2026-09-17 10:08:28] OPERATION: SEARCH | STUDENT_ID: 10 | DETAILS: Student found
[2026-09-17 13:53:54] OPERATION: SEARCH | STUDENT_ID: 10 | DETAILS: Student found
[2026-09-17 13:54:00] OPERATION: UPDATE | STUDENT_ID: 10 | DETAILS: Student marks and attendance updated successfully
[2026-09-17 13:54:06] OPERATION: SEARCH | STUDENT_ID: 10 | DETAILS: Student found
[2026-09-17 13:54:16] OPERATION: DELETE | STUDENT_ID: 10 | DETAILS: Student deleted successfully
[2026-09-17 13:54:20] OPERATION: SEARCH_FAILED | STUDENT_ID: 10 | DETAILS: Student not found
[2026-09-17 13:54:42] OPERATION: UPDATE_FAILED | STUDENT_ID: 10 | DETAILS: Student not found
[2026-09-17 13:54:59] OPERATION: SEARCH_FAILED | STUDENT_ID: 10 | DETAILS: Student not found
[2026-09-17 13:57:34] OPERATION: INSERT | STUDENT_ID: 20 | DETAILS: Student inserted successfully
[2026-09-17 13:58:12] OPERATION: INSERT | STUDENT_ID: 21 | DETAILS: Student inserted successfully
[2026-09-17 13:58:30] OPERATION: SEARCH | STUDENT_ID: 20 | DETAILS: Student found
[2026-09-17 13:58:38] OPERATION: SEARCH | STUDENT_ID: 21 | DETAILS: Student found
[2026-09-17 14:02:18] OPERATION: SEARCH_FAILED | STUDENT_ID: 999 | DETAILS: Student not found
[2026-09-17 14:25:42] OPERATION: INSERT | STUDENT_ID: 30 | DETAILS: Student inserted successfully
[2026-09-17 14:25:59] OPERATION: SEARCH | STUDENT_ID: 30 | DETAILS: Student found
[2026-09-17 14:26:07] OPERATION: UPDATE | STUDENT_ID: 30 | DETAILS: Student marks and attendance updated successfully
[2026-09-17 14:26:40] OPERATION: DELETE | STUDENT_ID: 30 | DETAILS: Student deleted successfully
[2026-09-17 14:26:46] OPERATION: SEARCH_FAILED | STUDENT_ID: 30 | DETAILS: Student not found
[2026-09-18 03:14:36] OPERATION: INSERT | STUDENT_ID: 30 | DETAILS: Student inserted successfully
[2026-09-18 03:14:41] OPERATION: SEARCH | STUDENT_ID: 30 | DETAILS: Student found
[2026-09-18 03:14:54] OPERATION: UPDATE | STUDENT_ID: 30 | DETAILS: Student marks and attendance updated successfully
[2026-09-18 03:14:59] OPERATION: SEARCH | STUDENT_ID: 30 | DETAILS: Student found
[2026-09-18 03:16:05] OPERATION: DELETE | STUDENT_ID: 30 | DETAILS: Student deleted successfully
[2026-09-18 03:16:11] OPERATION: SEARCH_FAILED | STUDENT_ID: 30 | DETAILS: Student not found
[2026-09-22 09:01:39] OPERATION: INSERT | STUDENT_ID: -1774936961 | DETAILS: Student inserted successfully
[2026-09-23 06:19:35] OPERATION: INSERT | STUDENT_ID: 6 | DETAILS: Student inserted successfully
[2026-09-23 16:29:52] OPERATION: INSERT | STUDENT_ID: 30 | DETAILS: Student inserted successfully
[2026-09-23 16:30:28] OPERATION: SEARCH | STUDENT_ID: 30 | DETAILS: Student found
[2026-09-23 16:31:07] OPERATION: UPDATE | STUDENT_ID: 30 | DETAILS: Student marks and attendance updated successfully
[2026-09-23 16:31:32] OPERATION: SEARCH | STUDENT_ID: 30 | DETAILS: Student found
[2026-09-23 16:33:36] OPERATION: DELETE | STUDENT_ID: 30 | DETAILS: Student deleted successfully
[2026-09-23 16:34:15] OPERATION: SEARCH_FAILED | STUDENT_ID: 30 | DETAILS: Student not found
[2026-09-23 16:36:03] OPERATION: INSERT_FAILED | STUDENT_ID: 20 | DETAILS: Student ID already exists
[2026-09-23 16:36:24] OPERATION: INSERT_FAILED | STUDENT_ID: 21 | DETAILS: Student ID already exists
[2026-09-23 16:37:40] OPERATION: INSERT | STUDENT_ID: 19 | DETAILS: Student inserted successfully
[2026-09-23 16:38:08] OPERATION: INSERT | STUDENT_ID: 22 | DETAILS: Student inserted successfully
[2026-09-23 16:38:35] OPERATION: SEARCH | STUDENT_ID: 20 | DETAILS: Student found
[2026-09-23 16:38:47] OPERATION: SEARCH | STUDENT_ID: 22 | DETAILS: Student found
[2026-09-23 16:38:52] OPERATION: SEARCH | STUDENT_ID: 19 | DETAILS: Student found
